// Jest Snapshot v1, https://goo.gl/fbAQLP

exports[`WorkflowStack snapshot 1`] = `
{
  "Outputs": {
    "WorkflowArn": {
      "Value": {
        "Ref": "ScaffoldAIWorkflow2D569DD8",
      },
    },
  },
  "Parameters": {
    "BootstrapVersion": {
      "Default": "/cdk-bootstrap/hnb659fds/version",
      "Description": "Version of the CDK Bootstrap resources in this environment, automatically retrieved from SSM Parameter Store. [cdk:skip]",
      "Type": "AWS::SSM::Parameter::Value<String>",
    },
  },
  "Resources": {
    "AlarmTopicD01E77F9": {
      "Properties": {
        "TopicName": "ScaffoldAI-Alarms",
      },
      "Type": "AWS::SNS::Topic",
    },
    "ArchitectFnDurationAlarmFBDF099D": {
      "Properties": {
        "AlarmActions": [
          {
            "Ref": "AlarmTopicD01E77F9",
          },
        ],
        "AlarmName": "ScaffoldAI-ArchitectFn-P99Duration",
        "ComparisonOperator": "GreaterThanOrEqualToThreshold",
        "Dimensions": [
          {
            "Name": "FunctionName",
            "Value": {
              "Ref": "ArchitectFnE3137F2B",
            },
          },
        ],
        "EvaluationPeriods": 3,
        "ExtendedStatistic": "p99",
        "MetricName": "Duration",
        "Namespace": "AWS/Lambda",
        "Period": 300,
        "Threshold": 240000,
        "TreatMissingData": "notBreaching",
      },
      "Type": "AWS::CloudWatch::Alarm",
    },
    "ArchitectFnE3137F2B": {
      "DependsOn": [
        "ArchitectFnServiceRoleDefaultPolicyAE18327B",
        "ArchitectFnServiceRole8C936629",
      ],
      "Properties": {
        "Code": {
          "S3Bucket": {
            "Fn::Sub": "cdk-hnb659fds-assets-\${AWS::AccountId}-\${AWS::Region}",
          },
          "S3Key": "2d05018dadb2c2fab4e1ad835eff215e3a6ed4c3f6768f556181abba14e891b1.zip",
        },
        "Environment": {
          "Variables": {
            "BEDROCK_MODEL_ID": "us.anthropic.claude-haiku-4-5-20251001-v1:0",
            "DEPLOYMENT_TIER": "testing",
          },
        },
        "FunctionName": "scaffold-ai-architect",
        "Handler": "handler.handler",
        "MemorySize": 512,
        "Role": {
          "Fn::GetAtt": [
            "ArchitectFnServiceRole8C936629",
            "Arn",
          ],
        },
        "Runtime": "python3.12",
        "Timeout": 300,
        "TracingConfig": {
          "Mode": "Active",
        },
      },
      "Type": "AWS::Lambda::Function",
    },
    "ArchitectFnErrorAlarm99B71BFE": {
      "Properties": {
        "AlarmActions": [
          {
            "Ref": "AlarmTopicD01E77F9",
          },
        ],
        "AlarmName": "ScaffoldAI-ArchitectFn-Errors",
        "ComparisonOperator": "GreaterThanOrEqualToThreshold",
        "Dimensions": [
          {
            "Name": "FunctionName",
            "Value": {
              "Ref": "ArchitectFnE3137F2B",
            },
          },
        ],
        "EvaluationPeriods": 1,
        "MetricName": "Errors",
        "Namespace": "AWS/Lambda",
        "Period": 300,
        "Statistic": "Sum",
        "Threshold": 1,
        "TreatMissingData": "notBreaching",
      },
      "Type": "AWS::CloudWatch::Alarm",
    },
    "ArchitectFnServiceRole8C936629": {
      "Properties": {
        "AssumeRolePolicyDocument": {
          "Statement": [
            {
              "Action": "sts:AssumeRole",
              "Effect": "Allow",
              "Principal": {
                "Service": "lambda.amazonaws.com",
              },
            },
          ],
          "Version": "2012-10-17",
        },
        "ManagedPolicyArns": [
          {
            "Fn::Join": [
              "",
              [
                "arn:",
                {
                  "Ref": "AWS::Partition",
                },
                ":iam::aws:policy/service-role/AWSLambdaBasicExecutionRole",
              ],
            ],
          },
        ],
      },
      "Type": "AWS::IAM::Role",
    },
    "ArchitectFnServiceRoleDefaultPolicyAE18327B": {
      "Properties": {
        "PolicyDocument": {
          "Statement": [
            {
              "Action": [
                "xray:PutTraceSegments",
                "xray:PutTelemetryRecords",
              ],
              "Effect": "Allow",
              "Resource": "*",
            },
            {
              "Action": "bedrock:InvokeModel",
              "Effect": "Allow",
              "Resource": {
                "Fn::Join": [
                  "",
                  [
                    "arn:aws:bedrock:",
                    {
                      "Ref": "AWS::Region",
                    },
                    "::foundation-model/*",
                  ],
                ],
              },
            },
          ],
          "Version": "2012-10-17",
        },
        "PolicyName": "ArchitectFnServiceRoleDefaultPolicyAE18327B",
        "Roles": [
          {
            "Ref": "ArchitectFnServiceRole8C936629",
          },
        ],
      },
      "Type": "AWS::IAM::Policy",
    },
    "CDKSpecialistFn01A8B847": {
      "DependsOn": [
        "CDKSpecialistFnServiceRoleDefaultPolicy2F015A01",
        "CDKSpecialistFnServiceRole2C674722",
      ],
      "Properties": {
        "Code": {
          "S3Bucket": {
            "Fn::Sub": "cdk-hnb659fds-assets-\${AWS::AccountId}-\${AWS::Region}",
          },
          "S3Key": "6d879ed343a151af0b4fd565c36d82cca6343f74cc20d7bc20d456659f531b03.zip",
        },
        "Environment": {
          "Variables": {
            "BEDROCK_MODEL_ID": "us.anthropic.claude-haiku-4-5-20251001-v1:0",
            "DEPLOYMENT_TIER": "testing",
          },
        },
        "FunctionName": "scaffold-ai-cdk_specialist",
        "Handler": "handler.handler",
        "MemorySize": 512,
        "Role": {
          "Fn::GetAtt": [
            "CDKSpecialistFnServiceRole2C674722",
            "Arn",
          ],
        },
        "Runtime": "python3.12",
        "Timeout": 300,
        "TracingConfig": {
          "Mode": "Active",
        },
      },
      "Type": "AWS::Lambda::Function",
    },
    "CDKSpecialistFnDurationAlarm922BE977": {
      "Properties": {
        "AlarmActions": [
          {
            "Ref": "AlarmTopicD01E77F9",
          },
        ],
        "AlarmName": "ScaffoldAI-CDKSpecialistFn-P99Duration",
        "ComparisonOperator": "GreaterThanOrEqualToThreshold",
        "Dimensions": [
          {
            "Name": "FunctionName",
            "Value": {
              "Ref": "CDKSpecialistFn01A8B847",
            },
          },
        ],
        "EvaluationPeriods": 3,
        "ExtendedStatistic": "p99",
        "MetricName": "Duration",
        "Namespace": "AWS/Lambda",
        "Period": 300,
        "Threshold": 240000,
        "TreatMissingData": "notBreaching",
      },
      "Type": "AWS::CloudWatch::Alarm",
    },
    "CDKSpecialistFnErrorAlarmD53416DA": {
      "Properties": {
        "AlarmActions": [
          {
            "Ref": "AlarmTopicD01E77F9",
          },
        ],
        "AlarmName": "ScaffoldAI-CDKSpecialistFn-Errors",
        "ComparisonOperator": "GreaterThanOrEqualToThreshold",
        "Dimensions": [
          {
            "Name": "FunctionName",
            "Value": {
              "Ref": "CDKSpecialistFn01A8B847",
            },
          },
        ],
        "EvaluationPeriods": 1,
        "MetricName": "Errors",
        "Namespace": "AWS/Lambda",
        "Period": 300,
        "Statistic": "Sum",
        "Threshold": 1,
        "TreatMissingData": "notBreaching",
      },
      "Type": "AWS::CloudWatch::Alarm",
    },
    "CDKSpecialistFnServiceRole2C674722": {
      "Properties": {
        "AssumeRolePolicyDocument": {
          "Statement": [
            {
              "Action": "sts:AssumeRole",
              "Effect": "Allow",
              "Principal": {
                "Service": "lambda.amazonaws.com",
              },
            },
          ],
          "Version": "2012-10-17",
        },
        "ManagedPolicyArns": [
          {
            "Fn::Join": [
              "",
              [
                "arn:",
                {
                  "Ref": "AWS::Partition",
                },
                ":iam::aws:policy/service-role/AWSLambdaBasicExecutionRole",
              ],
            ],
          },
        ],
      },
      "Type": "AWS::IAM::Role",
    },
    "CDKSpecialistFnServiceRoleDefaultPolicy2F015A01": {
      "Properties": {
        "PolicyDocument": {
          "Statement": [
            {
              "Action": [
                "xray:PutTraceSegments",
                "xray:PutTelemetryRecords",
              ],
              "Effect": "Allow",
              "Resource": "*",
            },
            {
              "Action": "bedrock:InvokeModel",
              "Effect": "Allow",
              "Resource": {
                "Fn::Join": [
                  "",
                  [
                    "arn:aws:bedrock:",
                    {
                      "Ref": "AWS::Region",
                    },
                    "::foundation-model/*",
                  ],
                ],
              },
            },
          ],
          "Version": "2012-10-17",
        },
        "PolicyName": "CDKSpecialistFnServiceRoleDefaultPolicy2F015A01",
        "Roles": [
          {
            "Ref": "CDKSpecialistFnServiceRole2C674722",
          },
        ],
      },
      "Type": "AWS::IAM::Policy",
    },
    "InterpretFn23DB2280": {
      "DependsOn": [
        "InterpretFnServiceRoleDefaultPolicy79DFDCDE",
        "InterpretFnServiceRole1DCD8FE1",
      ],
      "Properties": {
        "Code": {
          "S3Bucket": {
            "Fn::Sub": "cdk-hnb659fds-assets-\${AWS::AccountId}-\${AWS::Region}",
          },
          "S3Key": "8395c270980a88fe965356889265f020219770b60f62731d979b63ac01a9188d.zip",
        },
        "Environment": {
          "Variables": {
            "BEDROCK_MODEL_ID": "us.anthropic.claude-haiku-4-5-20251001-v1:0",
            "DEPLOYMENT_TIER": "testing",
          },
        },
        "FunctionName": "scaffold-ai-interpret",
        "Handler": "handler.handler",
        "MemorySize": 512,
        "Role": {
          "Fn::GetAtt": [
            "InterpretFnServiceRole1DCD8FE1",
            "Arn",
          ],
        },
        "Runtime": "python3.12",
        "Timeout": 300,
        "TracingConfig": {
          "Mode": "Active",
        },
      },
      "Type": "AWS::Lambda::Function",
    },
    "InterpretFnDurationAlarmA137681E": {
      "Properties": {
        "AlarmActions": [
          {
            "Ref": "AlarmTopicD01E77F9",
          },
        ],
        "AlarmName": "ScaffoldAI-InterpretFn-P99Duration",
        "ComparisonOperator": "GreaterThanOrEqualToThreshold",
        "Dimensions": [
          {
            "Name": "FunctionName",
            "Value": {
              "Ref": "InterpretFn23DB2280",
            },
          },
        ],
        "EvaluationPeriods": 3,
        "ExtendedStatistic": "p99",
        "MetricName": "Duration",
        "Namespace": "AWS/Lambda",
        "Period": 300,
        "Threshold": 240000,
        "TreatMissingData": "notBreaching",
      },
      "Type": "AWS::CloudWatch::Alarm",
    },
    "InterpretFnErrorAlarmB10BF96A": {
      "Properties": {
        "AlarmActions": [
          {
            "Ref": "AlarmTopicD01E77F9",
          },
        ],
        "AlarmName": "ScaffoldAI-InterpretFn-Errors",
        "ComparisonOperator": "GreaterThanOrEqualToThreshold",
        "Dimensions": [
          {
            "Name": "FunctionName",
            "Value": {
              "Ref": "InterpretFn23DB2280",
            },
          },
        ],
        "EvaluationPeriods": 1,
        "MetricName": "Errors",
        "Namespace": "AWS/Lambda",
        "Period": 300,
        "Statistic": "Sum",
        "Threshold": 1,
        "TreatMissingData": "notBreaching",
      },
      "Type": "AWS::CloudWatch::Alarm",
    },
    "InterpretFnServiceRole1DCD8FE1": {
      "Properties": {
        "AssumeRolePolicyDocument": {
          "Statement": [
            {
              "Action": "sts:AssumeRole",
              "Effect": "Allow",
              "Principal": {
                "Service": "lambda.amazonaws.com",
              },
            },
          ],
          "Version": "2012-10-17",
        },
        "ManagedPolicyArns": [
          {
            "Fn::Join": [
              "",
              [
                "arn:",
                {
                  "Ref": "AWS::Partition",
                },
                ":iam::aws:policy/service-role/AWSLambdaBasicExecutionRole",
              ],
            ],
          },
        ],
      },
      "Type": "AWS::IAM::Role",
    },
    "InterpretFnServiceRoleDefaultPolicy79DFDCDE": {
      "Properties": {
        "PolicyDocument": {
          "Statement": [
            {
              "Action": [
                "xray:PutTraceSegments",
                "xray:PutTelemetryRecords",
              ],
              "Effect": "Allow",
              "Resource": "*",
            },
            {
              "Action": "bedrock:InvokeModel",
              "Effect": "Allow",
              "Resource": {
                "Fn::Join": [
                  "",
                  [
                    "arn:aws:bedrock:",
                    {
                      "Ref": "AWS::Region",
                    },
                    "::foundation-model/*",
                  ],
                ],
              },
            },
          ],
          "Version": "2012-10-17",
        },
        "PolicyName": "InterpretFnServiceRoleDefaultPolicy79DFDCDE",
        "Roles": [
          {
            "Ref": "InterpretFnServiceRole1DCD8FE1",
          },
        ],
      },
      "Type": "AWS::IAM::Policy",
    },
    "MonthlyBudget": {
      "Properties": {
        "Budget": {
          "BudgetLimit": {
            "Amount": 25,
            "Unit": "USD",
          },
          "BudgetName": "scaffold-ai-monthly",
          "BudgetType": "COST",
          "CostFilters": {
            "TagKeyValue": [
              "user:Project$scaffold-ai",
            ],
          },
          "TimeUnit": "MONTHLY",
        },
        "NotificationsWithSubscribers": [
          {
            "Notification": {
              "ComparisonOperator": "GREATER_THAN",
              "NotificationType": "ACTUAL",
              "Threshold": 80,
              "ThresholdType": "PERCENTAGE",
            },
            "Subscribers": [
              {
                "Address": {
                  "Ref": "AlarmTopicD01E77F9",
                },
                "SubscriptionType": "SNS",
              },
            ],
          },
        ],
      },
      "Type": "AWS::Budgets::Budget",
    },
    "ReactSpecialistFn3A4FF34C": {
      "DependsOn": [
        "ReactSpecialistFnServiceRoleDefaultPolicy24F89553",
        "ReactSpecialistFnServiceRoleA2CD4EFC",
      ],
      "Properties": {
        "Code": {
          "S3Bucket": {
            "Fn::Sub": "cdk-hnb659fds-assets-\${AWS::AccountId}-\${AWS::Region}",
          },
          "S3Key": "a48a5dbd430d338e544cd3869d12de68646b2d963730b16edc89dc8c31ca7ffc.zip",
        },
        "Environment": {
          "Variables": {
            "BEDROCK_MODEL_ID": "us.anthropic.claude-haiku-4-5-20251001-v1:0",
            "DEPLOYMENT_TIER": "testing",
          },
        },
        "FunctionName": "scaffold-ai-react_specialist",
        "Handler": "handler.handler",
        "MemorySize": 512,
        "Role": {
          "Fn::GetAtt": [
            "ReactSpecialistFnServiceRoleA2CD4EFC",
            "Arn",
          ],
        },
        "Runtime": "python3.12",
        "Timeout": 300,
        "TracingConfig": {
          "Mode": "Active",
        },
      },
      "Type": "AWS::Lambda::Function",
    },
    "ReactSpecialistFnDurationAlarmBD357B2F": {
      "Properties": {
        "AlarmActions": [
          {
            "Ref": "AlarmTopicD01E77F9",
          },
        ],
        "AlarmName": "ScaffoldAI-ReactSpecialistFn-P99Duration",
        "ComparisonOperator": "GreaterThanOrEqualToThreshold",
        "Dimensions": [
          {
            "Name": "FunctionName",
            "Value": {
              "Ref": "ReactSpecialistFn3A4FF34C",
            },
          },
        ],
        "EvaluationPeriods": 3,
        "ExtendedStatistic": "p99",
        "MetricName": "Duration",
        "Namespace": "AWS/Lambda",
        "Period": 300,
        "Threshold": 240000,
        "TreatMissingData": "notBreaching",
      },
      "Type": "AWS::CloudWatch::Alarm",
    },
    "ReactSpecialistFnErrorAlarm842EC9A9": {
      "Properties": {
        "AlarmActions": [
          {
            "Ref": "AlarmTopicD01E77F9",
          },
        ],
        "AlarmName": "ScaffoldAI-ReactSpecialistFn-Errors",
        "ComparisonOperator": "GreaterThanOrEqualToThreshold",
        "Dimensions": [
          {
            "Name": "FunctionName",
            "Value": {
              "Ref": "ReactSpecialistFn3A4FF34C",
            },
          },
        ],
        "EvaluationPeriods": 1,
        "MetricName": "Errors",
        "Namespace": "AWS/Lambda",
        "Period": 300,
        "Statistic": "Sum",
        "Threshold": 1,
        "TreatMissingData": "notBreaching",
      },
      "Type": "AWS::CloudWatch::Alarm",
    },
    "ReactSpecialistFnServiceRoleA2CD4EFC": {
      "Properties": {
        "AssumeRolePolicyDocument": {
          "Statement": [
            {
              "Action": "sts:AssumeRole",
              "Effect": "Allow",
              "Principal": {
                "Service": "lambda.amazonaws.com",
              },
            },
          ],
          "Version": "2012-10-17",
        },
        "ManagedPolicyArns": [
          {
            "Fn::Join": [
              "",
              [
                "arn:",
                {
                  "Ref": "AWS::Partition",
                },
                ":iam::aws:policy/service-role/AWSLambdaBasicExecutionRole",
              ],
            ],
          },
        ],
      },
      "Type": "AWS::IAM::Role",
    },
    "ReactSpecialistFnServiceRoleDefaultPolicy24F89553": {
      "Properties": {
        "PolicyDocument": {
          "Statement": [
            {
              "Action": [
                "xray:PutTraceSegments",
                "xray:PutTelemetryRecords",
              ],
              "Effect": "Allow",
              "Resource": "*",
            },
            {
              "Action": "bedrock:InvokeModel",
              "Effect": "Allow",
              "Resource": {
                "Fn::Join": [
                  "",
                  [
                    "arn:aws:bedrock:",
                    {
                      "Ref": "AWS::Region",
                    },
                    "::foundation-model/*",
                  ],
                ],
              },
            },
          ],
          "Version": "2012-10-17",
        },
        "PolicyName": "ReactSpecialistFnServiceRoleDefaultPolicy24F89553",
        "Roles": [
          {
            "Ref": "ReactSpecialistFnServiceRoleA2CD4EFC",
          },
        ],
      },
      "Type": "AWS::IAM::Policy",
    },
    "ScaffoldAIWorkflow2D569DD8": {
      "DeletionPolicy": "Delete",
      "DependsOn": [
        "ScaffoldAIWorkflowRoleDefaultPolicy207192C7",
        "ScaffoldAIWorkflowRoleA35ACA36",
      ],
      "Properties": {
        "DefinitionString": {
          "Fn::Join": [
            "",
            [
              "{"StartAt":"Interpret","States":{"Interpret":{"Next":"Architect","Retry":[{"ErrorEquals":["Lambda.ClientExecutionTimeoutException","Lambda.ServiceException","Lambda.AWSLambdaException","Lambda.SdkClientException"],"IntervalSeconds":2,"MaxAttempts":6,"BackoffRate":2}],"Type":"Task","OutputPath":"$.Payload","Resource":"arn:",
              {
                "Ref": "AWS::Partition",
              },
              ":states:::lambda:invoke","Parameters":{"FunctionName":"",
              {
                "Fn::GetAtt": [
                  "InterpretFn23DB2280",
                  "Arn",
                ],
              },
              "","Payload.$":"$"}},"Architect":{"Next":"ShouldGenerate","Retry":[{"ErrorEquals":["Lambda.ClientExecutionTimeoutException","Lambda.ServiceException","Lambda.AWSLambdaException","Lambda.SdkClientException"],"IntervalSeconds":2,"MaxAttempts":6,"BackoffRate":2}],"Type":"Task","OutputPath":"$.Payload","Resource":"arn:",
              {
                "Ref": "AWS::Partition",
              },
              ":states:::lambda:invoke","Parameters":{"FunctionName":"",
              {
                "Fn::GetAtt": [
                  "ArchitectFnE3137F2B",
                  "Arn",
                ],
              },
              "","Payload.$":"$"}},"ShouldGenerate":{"Type":"Choice","Choices":[{"Variable":"$.intent","StringEquals":"generate_code","Next":"SecurityReview"}],"Default":"RespondOnly"},"RespondOnly":{"Type":"Succeed"},"SecurityReview":{"Next":"SecurityGate","Retry":[{"ErrorEquals":["Lambda.ClientExecutionTimeoutException","Lambda.ServiceException","Lambda.AWSLambdaException","Lambda.SdkClientException"],"IntervalSeconds":2,"MaxAttempts":6,"BackoffRate":2}],"Type":"Task","OutputPath":"$.Payload","Resource":"arn:",
              {
                "Ref": "AWS::Partition",
              },
              ":states:::lambda:invoke","Parameters":{"FunctionName":"",
              {
                "Fn::GetAtt": [
                  "SecurityReviewFn9F9F8242",
                  "Arn",
                ],
              },
              "","Payload.$":"$"}},"SecurityGate":{"Type":"Choice","Choices":[{"Variable":"$.security_review.passed","BooleanEquals":true,"Next":"CDKSpecialist"}],"Default":"SecurityFailed"},"SecurityFailed":{"Type":"Succeed"},"CDKSpecialist":{"Next":"ReactSpecialist","Retry":[{"ErrorEquals":["Lambda.ClientExecutionTimeoutException","Lambda.ServiceException","Lambda.AWSLambdaException","Lambda.SdkClientException"],"IntervalSeconds":2,"MaxAttempts":6,"BackoffRate":2}],"Type":"Task","OutputPath":"$.Payload","Resource":"arn:",
              {
                "Ref": "AWS::Partition",
              },
              ":states:::lambda:invoke","Parameters":{"FunctionName":"",
              {
                "Fn::GetAtt": [
                  "CDKSpecialistFn01A8B847",
                  "Arn",
                ],
              },
              "","Payload.$":"$"}},"ReactSpecialist":{"End":true,"Retry":[{"ErrorEquals":["Lambda.ClientExecutionTimeoutException","Lambda.ServiceException","Lambda.AWSLambdaException","Lambda.SdkClientException"],"IntervalSeconds":2,"MaxAttempts":6,"BackoffRate":2}],"Type":"Task","OutputPath":"$.Payload","Resource":"arn:",
              {
                "Ref": "AWS::Partition",
              },
              ":states:::lambda:invoke","Parameters":{"FunctionName":"",
              {
                "Fn::GetAtt": [
                  "ReactSpecialistFn3A4FF34C",
                  "Arn",
                ],
              },
              "","Payload.$":"$"}}},"TimeoutSeconds":600}",
            ],
          ],
        },
        "RoleArn": {
          "Fn::GetAtt": [
            "ScaffoldAIWorkflowRoleA35ACA36",
            "Arn",
          ],
        },
        "StateMachineName": "ScaffoldAI-Workflow",
      },
      "Type": "AWS::StepFunctions::StateMachine",
      "UpdateReplacePolicy": "Delete",
    },
    "ScaffoldAIWorkflowRoleA35ACA36": {
      "Properties": {
        "AssumeRolePolicyDocument": {
          "Statement": [
            {
              "Action": "sts:AssumeRole",
              "Effect": "Allow",
              "Principal": {
                "Service": "states.amazonaws.com",
              },
            },
          ],
          "Version": "2012-10-17",
        },
      },
      "Type": "AWS::IAM::Role",
    },
    "ScaffoldAIWorkflowRoleDefaultPolicy207192C7": {
      "Properties": {
        "PolicyDocument": {
          "Statement": [
            {
              "Action": "lambda:InvokeFunction",
              "Effect": "Allow",
              "Resource": [
                {
                  "Fn::GetAtt": [
                    "InterpretFn23DB2280",
                    "Arn",
                  ],
                },
                {
                  "Fn::Join": [
                    "",
                    [
                      {
                        "Fn::GetAtt": [
                          "InterpretFn23DB2280",
                          "Arn",
                        ],
                      },
                      ":*",
                    ],
                  ],
                },
              ],
            },
            {
              "Action": "lambda:InvokeFunction",
              "Effect": "Allow",
              "Resource": [
                {
                  "Fn::GetAtt": [
                    "ArchitectFnE3137F2B",
                    "Arn",
                  ],
                },
                {
                  "Fn::Join": [
                    "",
                    [
                      {
                        "Fn::GetAtt": [
                          "ArchitectFnE3137F2B",
                          "Arn",
                        ],
                      },
                      ":*",
                    ],
                  ],
                },
              ],
            },
            {
              "Action": "lambda:InvokeFunction",
              "Effect": "Allow",
              "Resource": [
                {
                  "Fn::GetAtt": [
                    "SecurityReviewFn9F9F8242",
                    "Arn",
                  ],
                },
                {
                  "Fn::Join": [
                    "",
                    [
                      {
                        "Fn::GetAtt": [
                          "SecurityReviewFn9F9F8242",
                          "Arn",
                        ],
                      },
                      ":*",
                    ],
                  ],
                },
              ],
            },
            {
              "Action": "lambda:InvokeFunction",
              "Effect": "Allow",
              "Resource": [
                {
                  "Fn::GetAtt": [
                    "CDKSpecialistFn01A8B847",
                    "Arn",
                  ],
                },
                {
                  "Fn::Join": [
                    "",
                    [
                      {
                        "Fn::GetAtt": [
                          "CDKSpecialistFn01A8B847",
                          "Arn",
                        ],
                      },
                      ":*",
                    ],
                  ],
                },
              ],
            },
            {
              "Action": "lambda:InvokeFunction",
              "Effect": "Allow",
              "Resource": [
                {
                  "Fn::GetAtt": [
                    "ReactSpecialistFn3A4FF34C",
                    "Arn",
                  ],
                },
                {
                  "Fn::Join": [
                    "",
                    [
                      {
                        "Fn::GetAtt": [
                          "ReactSpecialistFn3A4FF34C",
                          "Arn",
                        ],
                      },
                      ":*",
                    ],
                  ],
                },
              ],
            },
          ],
          "Version": "2012-10-17",
        },
        "PolicyName": "ScaffoldAIWorkflowRoleDefaultPolicy207192C7",
        "Roles": [
          {
            "Ref": "ScaffoldAIWorkflowRoleA35ACA36",
          },
        ],
      },
      "Type": "AWS::IAM::Policy",
    },
    "SecurityReviewFn9F9F8242": {
      "DependsOn": [
        "SecurityReviewFnServiceRoleDefaultPolicyEF599893",
        "SecurityReviewFnServiceRole1931EEBF",
      ],
      "Properties": {
        "Code": {
          "S3Bucket": {
            "Fn::Sub": "cdk-hnb659fds-assets-\${AWS::AccountId}-\${AWS::Region}",
          },
          "S3Key": "ac22cfb3d2e7d69b4fc6c9d849c0a9b9f8ea4edcfdbee5c41d31af056702dadd.zip",
        },
        "Environment": {
          "Variables": {
            "BEDROCK_MODEL_ID": "us.anthropic.claude-haiku-4-5-20251001-v1:0",
            "DEPLOYMENT_TIER": "testing",
          },
        },
        "FunctionName": "scaffold-ai-security_review",
        "Handler": "handler.handler",
        "MemorySize": 512,
        "Role": {
          "Fn::GetAtt": [
            "SecurityReviewFnServiceRole1931EEBF",
            "Arn",
          ],
        },
        "Runtime": "python3.12",
        "Timeout": 300,
        "TracingConfig": {
          "Mode": "Active",
        },
      },
      "Type": "AWS::Lambda::Function",
    },
    "SecurityReviewFnDurationAlarm3A558021": {
      "Properties": {
        "AlarmActions": [
          {
            "Ref": "AlarmTopicD01E77F9",
          },
        ],
        "AlarmName": "ScaffoldAI-SecurityReviewFn-P99Duration",
        "ComparisonOperator": "GreaterThanOrEqualToThreshold",
        "Dimensions": [
          {
            "Name": "FunctionName",
            "Value": {
              "Ref": "SecurityReviewFn9F9F8242",
            },
          },
        ],
        "EvaluationPeriods": 3,
        "ExtendedStatistic": "p99",
        "MetricName": "Duration",
        "Namespace": "AWS/Lambda",
        "Period": 300,
        "Threshold": 240000,
        "TreatMissingData": "notBreaching",
      },
      "Type": "AWS::CloudWatch::Alarm",
    },
    "SecurityReviewFnErrorAlarm6C323D71": {
      "Properties": {
        "AlarmActions": [
          {
            "Ref": "AlarmTopicD01E77F9",
          },
        ],
        "AlarmName": "ScaffoldAI-SecurityReviewFn-Errors",
        "ComparisonOperator": "GreaterThanOrEqualToThreshold",
        "Dimensions": [
          {
            "Name": "FunctionName",
            "Value": {
              "Ref": "SecurityReviewFn9F9F8242",
            },
          },
        ],
        "EvaluationPeriods": 1,
        "MetricName": "Errors",
        "Namespace": "AWS/Lambda",
        "Period": 300,
        "Statistic": "Sum",
        "Threshold": 1,
        "TreatMissingData": "notBreaching",
      },
      "Type": "AWS::CloudWatch::Alarm",
    },
    "SecurityReviewFnServiceRole1931EEBF": {
      "Properties": {
        "AssumeRolePolicyDocument": {
          "Statement": [
            {
              "Action": "sts:AssumeRole",
              "Effect": "Allow",
              "Principal": {
                "Service": "lambda.amazonaws.com",
              },
            },
          ],
          "Version": "2012-10-17",
        },
        "ManagedPolicyArns": [
          {
            "Fn::Join": [
              "",
              [
                "arn:",
                {
                  "Ref": "AWS::Partition",
                },
                ":iam::aws:policy/service-role/AWSLambdaBasicExecutionRole",
              ],
            ],
          },
        ],
      },
      "Type": "AWS::IAM::Role",
    },
    "SecurityReviewFnServiceRoleDefaultPolicyEF599893": {
      "Properties": {
        "PolicyDocument": {
          "Statement": [
            {
              "Action": [
                "xray:PutTraceSegments",
                "xray:PutTelemetryRecords",
              ],
              "Effect": "Allow",
              "Resource": "*",
            },
            {
              "Action": "bedrock:InvokeModel",
              "Effect": "Allow",
              "Resource": {
                "Fn::Join": [
                  "",
                  [
                    "arn:aws:bedrock:",
                    {
                      "Ref": "AWS::Region",
                    },
                    "::foundation-model/*",
                  ],
                ],
              },
            },
          ],
          "Version": "2012-10-17",
        },
        "PolicyName": "SecurityReviewFnServiceRoleDefaultPolicyEF599893",
        "Roles": [
          {
            "Ref": "SecurityReviewFnServiceRole1931EEBF",
          },
        ],
      },
      "Type": "AWS::IAM::Policy",
    },
    "WorkflowFailedAlarm665A3A3C": {
      "Properties": {
        "AlarmActions": [
          {
            "Ref": "AlarmTopicD01E77F9",
          },
        ],
        "AlarmName": "ScaffoldAI-Workflow-ExecutionFailed",
        "ComparisonOperator": "GreaterThanThreshold",
        "Dimensions": [
          {
            "Name": "StateMachineArn",
            "Value": {
              "Ref": "ScaffoldAIWorkflow2D569DD8",
            },
          },
        ],
        "EvaluationPeriods": 1,
        "MetricName": "ExecutionsFailed",
        "Namespace": "AWS/States",
        "Period": 300,
        "Statistic": "Sum",
        "Threshold": 0,
        "TreatMissingData": "notBreaching",
      },
      "Type": "AWS::CloudWatch::Alarm",
    },
  },
  "Rules": {
    "CheckBootstrapVersion": {
      "Assertions": [
        {
          "Assert": {
            "Fn::Not": [
              {
                "Fn::Contains": [
                  [
                    "1",
                    "2",
                    "3",
                    "4",
                    "5",
                  ],
                  {
                    "Ref": "BootstrapVersion",
                  },
                ],
              },
            ],
          },
          "AssertDescription": "CDK bootstrap stack version 6 required. Please run 'cdk bootstrap' with a recent version of the CDK CLI.",
        },
      ],
    },
  },
}
`;
